SELECT unit_send('0');
             unit_send              
------------------------------------
 \x00000000000000000000000000000000
(1 row)

SELECT unit_send(-'0'::unit);
             unit_send              
------------------------------------
 \x80000000000000000000000000000000
(1 row)

SELECT unit_send('1 m'::unit);
             unit_send              
------------------------------------
 \x3ff00000000000000100000000000000
(1 row)

SELECT unit_send('1 kg^-1'::unit);
             unit_send              
------------------------------------
 \x3ff000000000000000ff000000000000
(1 row)

SELECT unit_send('1 s'::unit);
             unit_send              
------------------------------------
 \x3ff00000000000000000010000000000
(1 row)

SELECT unit_send('1 A^-1'::unit);
             unit_send              
------------------------------------
 \x3ff0000000000000000000ff00000000
(1 row)

SELECT unit_send('1 K'::unit);
             unit_send              
------------------------------------
 \x3ff00000000000000000000001000000
(1 row)

SELECT unit_send('1 mol^-1'::unit);
             unit_send              
------------------------------------
 \x3ff00000000000000000000000ff0000
(1 row)

SELECT unit_send('1 cd'::unit);
             unit_send              
------------------------------------
 \x3ff00000000000000000000000000100
(1 row)

SELECT unit_send('1 B^-1'::unit);
             unit_send              
------------------------------------
 \x3ff000000000000000000000000000ff
(1 row)

