SET client_min_messages = warning;
CREATE EXTENSION IF NOT EXISTS unit;
RESET client_min_messages;
